// Jest Snapshot v1, https://goo.gl/fbAQLP

exports[`renders correctly 1`] = `
<div
  className="error"
>
  <h1>
    Something went wrong
  </h1>
  <h2>
    Maybe try refreshing the page
  </h2>
</div>
`;
